../Core/Src/main.c:123:5:main	12
../Core/Src/main.c:288:6:SystemClock_Config	4
../Core/Src/main.c:343:13:MX_ADC1_Init	9
../Core/Src/main.c:460:13:MX_TIM2_Init	5
../Core/Src/main.c:513:13:MX_TIM6_Init	3
../Core/Src/main.c:551:13:MX_TIM7_Init	3
../Core/Src/main.c:589:13:MX_USART2_UART_Init	2
../Core/Src/main.c:624:13:MX_USART3_UART_Init	2
../Core/Src/main.c:659:13:MX_GPIO_Init	1
../Core/Src/main.c:716:6:HAL_TIM_PeriodElapsedCallback	3
../Core/Src/main.c:729:5:adc_value_to_dist	1
../Core/Src/main.c:738:5:compute_speed	9
../Core/Src/main.c:784:5:speed_to_ARR	1
../Core/Src/main.c:790:6:get_direction	1
../Core/Src/main.c:798:6:HAL_ADC_ConvCpltCallback	6
../Core/Src/main.c:836:6:HAL_ADC_LevelOutOfWindowCallback	1
../Core/Src/main.c:842:6:HAL_GPIO_EXTI_Callback	3
../Core/Src/main.c:853:6:HAL_UART_RxCpltCallback	5
../Core/Src/main.c:876:6:capteur_mur	9
../Core/Src/main.c:917:6:Error_Handler	1
