../Core/Src/main.c:123:5:main	16	static
../Core/Src/main.c:288:6:SystemClock_Config	96	static
../Core/Src/main.c:343:13:MX_ADC1_Init	72	static
../Core/Src/main.c:460:13:MX_TIM2_Init	48	static
../Core/Src/main.c:513:13:MX_TIM6_Init	24	static
../Core/Src/main.c:551:13:MX_TIM7_Init	24	static
../Core/Src/main.c:589:13:MX_USART2_UART_Init	8	static
../Core/Src/main.c:624:13:MX_USART3_UART_Init	8	static
../Core/Src/main.c:659:13:MX_GPIO_Init	48	static
../Core/Src/main.c:716:6:HAL_TIM_PeriodElapsedCallback	16	static
../Core/Src/main.c:729:5:adc_value_to_dist	32	static
../Core/Src/main.c:738:5:compute_speed	24	static
../Core/Src/main.c:784:5:speed_to_ARR	24	static
../Core/Src/main.c:790:6:get_direction	16	static
../Core/Src/main.c:798:6:HAL_ADC_ConvCpltCallback	16	static
../Core/Src/main.c:836:6:HAL_ADC_LevelOutOfWindowCallback	16	static
../Core/Src/main.c:842:6:HAL_GPIO_EXTI_Callback	24	static
../Core/Src/main.c:853:6:HAL_UART_RxCpltCallback	16	static
../Core/Src/main.c:876:6:capteur_mur	16	static
../Core/Src/main.c:917:6:Error_Handler	4	static,ignoring_inline_asm
